src/components/metrics/provision-metrics-tab.tsx(85,35): error TS2304: Cannot find name 'SPRINT_DATA'.
